I'm sorry, but errors were detected in your script. Please correct the
errors listed below, and try again.


File "game/events.rpy", line 369: choice menuitem expects a non-empty block.
    "헤헤... 좀 힘들긴 한데 괜찮아요!":
                           ^

Ren'Py Version: Ren'Py 7.0.0.196
Mon Aug 20 21:59:12 2018
